// Jest Snapshot v1, https://goo.gl/fbAQLP

exports[`components/molecules/CategoryList snapshot 1`] = `
<ul>
  <li>
    <a
      href="/articles/categories/rice"
      onClick={[Function]}
      onMouseEnter={[Function]}
    >
      <div
        className="flex flex-col justify-center items-center"
      >
        <div
          className="w-auto"
        >
          <span
            style={
              Object {
                "background": "none",
                "border": 0,
                "boxSizing": "border-box",
                "display": "inline-block",
                "height": "initial",
                "margin": 0,
                "maxWidth": "100%",
                "opacity": 1,
                "overflow": "hidden",
                "padding": 0,
                "position": "relative",
                "width": "initial",
              }
            }
          >
            <span
              style={
                Object {
                  "background": "none",
                  "border": 0,
                  "boxSizing": "border-box",
                  "display": "block",
                  "height": "initial",
                  "margin": 0,
                  "maxWidth": "100%",
                  "opacity": 1,
                  "padding": 0,
                  "width": "initial",
                }
              }
            >
              <img
                alt=""
                aria-hidden={true}
                src="data:image/svg+xml;base64,PHN2ZyB3aWR0aD0iMTI4IiBoZWlnaHQ9IjEyOCIgeG1sbnM9Imh0dHA6Ly93d3cudzMub3JnLzIwMDAvc3ZnIiB2ZXJzaW9uPSIxLjEiLz4="
                style={
                  Object {
                    "background": "none",
                    "border": 0,
                    "display": "block",
                    "height": "initial",
                    "margin": 0,
                    "maxWidth": "100%",
                    "opacity": 1,
                    "padding": 0,
                    "width": "initial",
                  }
                }
              />
            </span>
            <img
              alt="rice"
              data-nimg="intrinsic"
              decoding="async"
              src="data:image/gif;base64,R0lGODlhAQABAIAAAAAAAP///yH5BAEAAAAALAAAAAABAAEAAAIBRAA7"
              style={
                Object {
                  "border": "none",
                  "bottom": 0,
                  "boxSizing": "border-box",
                  "display": "block",
                  "height": 0,
                  "left": 0,
                  "margin": "auto",
                  "maxHeight": "100%",
                  "maxWidth": "100%",
                  "minHeight": "100%",
                  "minWidth": "100%",
                  "objectFit": "cover",
                  "objectPosition": undefined,
                  "padding": 0,
                  "position": "absolute",
                  "right": 0,
                  "top": 0,
                  "width": 0,
                }
              }
            />
            <noscript>
              <img
                alt="rice"
                data-nimg="intrinsic"
                decoding="async"
                loading="lazy"
                src="/_next/image?url=%2Fimages%2F3129120_s.jpg&w=256&q=75"
                srcSet="/_next/image?url=%2Fimages%2F3129120_s.jpg&w=128&q=75 1x, /_next/image?url=%2Fimages%2F3129120_s.jpg&w=256&q=75 2x"
                style={
                  Object {
                    "border": "none",
                    "bottom": 0,
                    "boxSizing": "border-box",
                    "display": "block",
                    "height": 0,
                    "left": 0,
                    "margin": "auto",
                    "maxHeight": "100%",
                    "maxWidth": "100%",
                    "minHeight": "100%",
                    "minWidth": "100%",
                    "objectFit": "cover",
                    "objectPosition": undefined,
                    "padding": 0,
                    "position": "absolute",
                    "right": 0,
                    "top": 0,
                    "width": 0,
                  }
                }
              />
            </noscript>
          </span>
        </div>
        <p
          className="text-sm"
        >
          ご飯物
        </p>
      </div>
    </a>
  </li>
  <li>
    <a
      href="/articles/categories/salad"
      onClick={[Function]}
      onMouseEnter={[Function]}
    >
      <div
        className="flex flex-col justify-center items-center"
      >
        <div
          className="w-auto"
        >
          <span
            style={
              Object {
                "background": "none",
                "border": 0,
                "boxSizing": "border-box",
                "display": "inline-block",
                "height": "initial",
                "margin": 0,
                "maxWidth": "100%",
                "opacity": 1,
                "overflow": "hidden",
                "padding": 0,
                "position": "relative",
                "width": "initial",
              }
            }
          >
            <span
              style={
                Object {
                  "background": "none",
                  "border": 0,
                  "boxSizing": "border-box",
                  "display": "block",
                  "height": "initial",
                  "margin": 0,
                  "maxWidth": "100%",
                  "opacity": 1,
                  "padding": 0,
                  "width": "initial",
                }
              }
            >
              <img
                alt=""
                aria-hidden={true}
                src="data:image/svg+xml;base64,PHN2ZyB3aWR0aD0iMTI4IiBoZWlnaHQ9IjEyOCIgeG1sbnM9Imh0dHA6Ly93d3cudzMub3JnLzIwMDAvc3ZnIiB2ZXJzaW9uPSIxLjEiLz4="
                style={
                  Object {
                    "background": "none",
                    "border": 0,
                    "display": "block",
                    "height": "initial",
                    "margin": 0,
                    "maxWidth": "100%",
                    "opacity": 1,
                    "padding": 0,
                    "width": "initial",
                  }
                }
              />
            </span>
            <img
              alt="salad"
              data-nimg="intrinsic"
              decoding="async"
              src="data:image/gif;base64,R0lGODlhAQABAIAAAAAAAP///yH5BAEAAAAALAAAAAABAAEAAAIBRAA7"
              style={
                Object {
                  "border": "none",
                  "bottom": 0,
                  "boxSizing": "border-box",
                  "display": "block",
                  "height": 0,
                  "left": 0,
                  "margin": "auto",
                  "maxHeight": "100%",
                  "maxWidth": "100%",
                  "minHeight": "100%",
                  "minWidth": "100%",
                  "objectFit": "cover",
                  "objectPosition": undefined,
                  "padding": 0,
                  "position": "absolute",
                  "right": 0,
                  "top": 0,
                  "width": 0,
                }
              }
            />
            <noscript>
              <img
                alt="salad"
                data-nimg="intrinsic"
                decoding="async"
                loading="lazy"
                src="/_next/image?url=%2Fimages%2F2996666_s.jpg&w=256&q=75"
                srcSet="/_next/image?url=%2Fimages%2F2996666_s.jpg&w=128&q=75 1x, /_next/image?url=%2Fimages%2F2996666_s.jpg&w=256&q=75 2x"
                style={
                  Object {
                    "border": "none",
                    "bottom": 0,
                    "boxSizing": "border-box",
                    "display": "block",
                    "height": 0,
                    "left": 0,
                    "margin": "auto",
                    "maxHeight": "100%",
                    "maxWidth": "100%",
                    "minHeight": "100%",
                    "minWidth": "100%",
                    "objectFit": "cover",
                    "objectPosition": undefined,
                    "padding": 0,
                    "position": "absolute",
                    "right": 0,
                    "top": 0,
                    "width": 0,
                  }
                }
              />
            </noscript>
          </span>
        </div>
        <p
          className="text-sm"
        >
          サラダ
        </p>
      </div>
    </a>
  </li>
  <li>
    <a
      href="/articles/categories/tips"
      onClick={[Function]}
      onMouseEnter={[Function]}
    >
      <div
        className="flex flex-col justify-center items-center"
      >
        <div
          className="w-auto"
        >
          <span
            style={
              Object {
                "background": "none",
                "border": 0,
                "boxSizing": "border-box",
                "display": "inline-block",
                "height": "initial",
                "margin": 0,
                "maxWidth": "100%",
                "opacity": 1,
                "overflow": "hidden",
                "padding": 0,
                "position": "relative",
                "width": "initial",
              }
            }
          >
            <span
              style={
                Object {
                  "background": "none",
                  "border": 0,
                  "boxSizing": "border-box",
                  "display": "block",
                  "height": "initial",
                  "margin": 0,
                  "maxWidth": "100%",
                  "opacity": 1,
                  "padding": 0,
                  "width": "initial",
                }
              }
            >
              <img
                alt=""
                aria-hidden={true}
                src="data:image/svg+xml;base64,PHN2ZyB3aWR0aD0iMTI4IiBoZWlnaHQ9IjEyOCIgeG1sbnM9Imh0dHA6Ly93d3cudzMub3JnLzIwMDAvc3ZnIiB2ZXJzaW9uPSIxLjEiLz4="
                style={
                  Object {
                    "background": "none",
                    "border": 0,
                    "display": "block",
                    "height": "initial",
                    "margin": 0,
                    "maxWidth": "100%",
                    "opacity": 1,
                    "padding": 0,
                    "width": "initial",
                  }
                }
              />
            </span>
            <img
              alt="tips"
              data-nimg="intrinsic"
              decoding="async"
              src="data:image/gif;base64,R0lGODlhAQABAIAAAAAAAP///yH5BAEAAAAALAAAAAABAAEAAAIBRAA7"
              style={
                Object {
                  "border": "none",
                  "bottom": 0,
                  "boxSizing": "border-box",
                  "display": "block",
                  "height": 0,
                  "left": 0,
                  "margin": "auto",
                  "maxHeight": "100%",
                  "maxWidth": "100%",
                  "minHeight": "100%",
                  "minWidth": "100%",
                  "objectFit": "cover",
                  "objectPosition": undefined,
                  "padding": 0,
                  "position": "absolute",
                  "right": 0,
                  "top": 0,
                  "width": 0,
                }
              }
            />
            <noscript>
              <img
                alt="tips"
                data-nimg="intrinsic"
                decoding="async"
                loading="lazy"
                src="/_next/image?url=%2Fimages%2F5026416_s.jpg&w=256&q=75"
                srcSet="/_next/image?url=%2Fimages%2F5026416_s.jpg&w=128&q=75 1x, /_next/image?url=%2Fimages%2F5026416_s.jpg&w=256&q=75 2x"
                style={
                  Object {
                    "border": "none",
                    "bottom": 0,
                    "boxSizing": "border-box",
                    "display": "block",
                    "height": 0,
                    "left": 0,
                    "margin": "auto",
                    "maxHeight": "100%",
                    "maxWidth": "100%",
                    "minHeight": "100%",
                    "minWidth": "100%",
                    "objectFit": "cover",
                    "objectPosition": undefined,
                    "padding": 0,
                    "position": "absolute",
                    "right": 0,
                    "top": 0,
                    "width": 0,
                  }
                }
              />
            </noscript>
          </span>
        </div>
        <p
          className="text-sm"
        >
          料理基礎
        </p>
      </div>
    </a>
  </li>
</ul>
`;
