// Jest Snapshot v1, https://goo.gl/fbAQLP

exports[`components/layouts/RootLayout snapshot 1`] = `
<div
  className="flex flex-col px-4 mx-auto mb-16 max-w-screen-lg min-h-screen"
>
  <header
    className="py-2"
  >
    <div
      className="flex justify-between items-center"
    >
      <a
        className="text-2xl font-bold text-green-500"
        href="/"
        onClick={[Function]}
        onMouseEnter={[Function]}
      >
        Food Blog
      </a>
      <div
        className="hidden sm:block w-1/3"
      >
        <div
          className="relative"
        >
          <div
            className="flex items-center py-2 px-3 space-x-2 bg-gray-100 dark:bg-gray-700 rounded-full"
          >
            <svg
              fill="currentColor"
              height="1em"
              stroke="currentColor"
              strokeWidth="0"
              style={
                Object {
                  "color": "gray",
                }
              }
              viewBox="0 0 512 512"
              width="1em"
              xmlns="http://www.w3.org/2000/svg"
            >
              <path
                d="M505 442.7L405.3 343c-4.5-4.5-10.6-7-17-7H372c27.6-35.3 44-79.7 44-128C416 93.1 322.9 0 208 0S0 93.1 0 208s93.1 208 208 208c48.3 0 92.7-16.4 128-44v16.3c0 6.4 2.5 12.5 7 17l99.7 99.7c9.4 9.4 24.6 9.4 33.9 0l28.3-28.3c9.4-9.4 9.4-24.6.1-34zM208 336c-70.7 0-128-57.2-128-128 0-70.7 57.2-128 128-128 70.7 0 128 57.2 128 128 0 70.7-57.2 128-128 128z"
              />
            </svg>
            <input
              className="w-full dark:text-gray-100 bg-gray-100 dark:bg-gray-700 focus:outline-none"
              inputMode="text"
              onChange={[Function]}
              onFocus={[Function]}
              onKeyPress={[Function]}
              placeholder="Search..."
              type="search"
              value=""
            />
          </div>
        </div>
      </div>
      <div
        className="flex items-center space-x-4"
      />
    </div>
    <div
      className="block sm:hidden mt-2"
    >
      <div
        className="relative"
      >
        <div
          className="flex items-center py-2 px-3 space-x-2 bg-gray-100 dark:bg-gray-700 rounded-full"
        >
          <svg
            fill="currentColor"
            height="1em"
            stroke="currentColor"
            strokeWidth="0"
            style={
              Object {
                "color": "gray",
              }
            }
            viewBox="0 0 512 512"
            width="1em"
            xmlns="http://www.w3.org/2000/svg"
          >
            <path
              d="M505 442.7L405.3 343c-4.5-4.5-10.6-7-17-7H372c27.6-35.3 44-79.7 44-128C416 93.1 322.9 0 208 0S0 93.1 0 208s93.1 208 208 208c48.3 0 92.7-16.4 128-44v16.3c0 6.4 2.5 12.5 7 17l99.7 99.7c9.4 9.4 24.6 9.4 33.9 0l28.3-28.3c9.4-9.4 9.4-24.6.1-34zM208 336c-70.7 0-128-57.2-128-128 0-70.7 57.2-128 128-128 70.7 0 128 57.2 128 128 0 70.7-57.2 128-128 128z"
            />
          </svg>
          <input
            className="w-full dark:text-gray-100 bg-gray-100 dark:bg-gray-700 focus:outline-none"
            inputMode="text"
            onChange={[Function]}
            onFocus={[Function]}
            onKeyPress={[Function]}
            placeholder="Search..."
            type="search"
            value=""
          />
        </div>
      </div>
    </div>
  </header>
  children
</div>
`;
