// Jest Snapshot v1, https://goo.gl/fbAQLP

exports[`components/atoms/texts/HeadingOne snapshot 1`] = `
<h1
  className="flex justify-center text-4xl font-bold"
>
  Heading 1
</h1>
`;
