// Jest Snapshot v1, https://goo.gl/fbAQLP

exports[`components/atoms/TextDate snapshot 1`] = `
<time
  dateTime="2020-12-12T00:00:00+09:00"
>
  <span>
    2020年12月12日
  </span>
</time>
`;
