// Jest Snapshot v1, https://goo.gl/fbAQLP

exports[`pages/_error snapshot 1`] = `
<div
  className="flex flex-col px-4 mx-auto mb-16 max-w-screen-lg min-h-screen"
>
  <header
    className="py-2"
  >
    <div
      className="flex justify-between items-center"
    >
      <a
        className="text-2xl font-bold text-green-600"
        href="/"
        onClick={[Function]}
        onMouseEnter={[Function]}
      >
        Food Blog
      </a>
      <div
        className="hidden sm:block w-1/3"
      >
        <div
          className="relative"
        >
          <div
            className="flex items-center py-2 px-3 space-x-2 bg-gray-100 dark:bg-gray-700 rounded-full"
          >
            <svg
              fill="currentColor"
              height="1em"
              stroke="currentColor"
              strokeWidth="0"
              style={
                Object {
                  "color": "gray",
                }
              }
              viewBox="0 0 512 512"
              width="1em"
              xmlns="http://www.w3.org/2000/svg"
            >
              <path
                d="M505 442.7L405.3 343c-4.5-4.5-10.6-7-17-7H372c27.6-35.3 44-79.7 44-128C416 93.1 322.9 0 208 0S0 93.1 0 208s93.1 208 208 208c48.3 0 92.7-16.4 128-44v16.3c0 6.4 2.5 12.5 7 17l99.7 99.7c9.4 9.4 24.6 9.4 33.9 0l28.3-28.3c9.4-9.4 9.4-24.6.1-34zM208 336c-70.7 0-128-57.2-128-128 0-70.7 57.2-128 128-128 70.7 0 128 57.2 128 128 0 70.7-57.2 128-128 128z"
              />
            </svg>
            <input
              className="w-full dark:text-gray-100 bg-gray-100 dark:bg-gray-700 focus:outline-none"
              inputMode="text"
              onChange={[Function]}
              onFocus={[Function]}
              onKeyPress={[Function]}
              onSubmit={[Function]}
              placeholder="Search..."
              type="search"
              value=""
            />
          </div>
        </div>
      </div>
      <div
        className="flex items-center space-x-4"
      >
        <div
          style={
            Object {
              "MozTransition": "opacity 0.25s",
              "MozUserSelect": "none",
              "WebkitTapHighlightColor": "rgba(0, 0, 0, 0)",
              "WebkitTransition": "opacity 0.25s",
              "WebkitUserSelect": "none",
              "borderRadius": 12,
              "direction": "ltr",
              "display": "inline-block",
              "msUserSelect": "none",
              "opacity": 1,
              "position": "relative",
              "textAlign": "left",
              "touchAction": "none",
              "transition": "opacity 0.25s",
              "userSelect": "none",
            }
          }
        >
          <div
            className="react-switch-bg"
            onClick={[Function]}
            onMouseDown={[Function]}
            style={
              Object {
                "MozTransition": "background 0.25s",
                "WebkitTransition": "background 0.25s",
                "background": "#555555",
                "borderRadius": 12,
                "cursor": "pointer",
                "height": 24,
                "margin": 0,
                "position": "relative",
                "transition": "background 0.25s",
                "width": 48,
              }
            }
          >
            <div
              style={
                Object {
                  "MozTransition": "opacity 0.25s",
                  "WebkitTransition": "opacity 0.25s",
                  "height": 24,
                  "opacity": 0,
                  "pointerEvents": "none",
                  "position": "relative",
                  "transition": "opacity 0.25s",
                  "width": 27,
                }
              }
            >
              <div
                className="flex justify-center items-center h-full"
              >
                <svg
                  fill="currentColor"
                  height="80%"
                  stroke="currentColor"
                  strokeWidth="0"
                  style={
                    Object {
                      "color": "yellow",
                    }
                  }
                  viewBox="0 0 512 512"
                  width="80%"
                  xmlns="http://www.w3.org/2000/svg"
                >
                  <path
                    d="M283.211 512c78.962 0 151.079-35.925 198.857-94.792 7.068-8.708-.639-21.43-11.562-19.35-124.203 23.654-238.262-71.576-238.262-196.954 0-72.222 38.662-138.635 101.498-174.394 9.686-5.512 7.25-20.197-3.756-22.23A258.156 258.156 0 0 0 283.211 0c-141.309 0-256 114.511-256 256 0 141.309 114.511 256 256 256z"
                  />
                </svg>
              </div>
            </div>
            <div
              style={
                Object {
                  "MozTransition": "opacity 0.25s",
                  "WebkitTransition": "opacity 0.25s",
                  "height": 24,
                  "opacity": 1,
                  "pointerEvents": "none",
                  "position": "absolute",
                  "right": 0,
                  "top": 0,
                  "transition": "opacity 0.25s",
                  "width": 27,
                }
              }
            >
              <div
                className="flex justify-center items-center h-full"
              >
                <svg
                  fill="currentColor"
                  height="80%"
                  stroke="currentColor"
                  strokeWidth="0"
                  style={
                    Object {
                      "color": "gold",
                    }
                  }
                  viewBox="0 0 512 512"
                  width="80%"
                  xmlns="http://www.w3.org/2000/svg"
                >
                  <path
                    d="M256 160c-52.9 0-96 43.1-96 96s43.1 96 96 96 96-43.1 96-96-43.1-96-96-96zm246.4 80.5l-94.7-47.3 33.5-100.4c4.5-13.6-8.4-26.5-21.9-21.9l-100.4 33.5-47.4-94.8c-6.4-12.8-24.6-12.8-31 0l-47.3 94.7L92.7 70.8c-13.6-4.5-26.5 8.4-21.9 21.9l33.5 100.4-94.7 47.4c-12.8 6.4-12.8 24.6 0 31l94.7 47.3-33.5 100.5c-4.5 13.6 8.4 26.5 21.9 21.9l100.4-33.5 47.3 94.7c6.4 12.8 24.6 12.8 31 0l47.3-94.7 100.4 33.5c13.6 4.5 26.5-8.4 21.9-21.9l-33.5-100.4 94.7-47.3c13-6.5 13-24.7.2-31.1zm-155.9 106c-49.9 49.9-131.1 49.9-181 0-49.9-49.9-49.9-131.1 0-181 49.9-49.9 131.1-49.9 181 0 49.9 49.9 49.9 131.1 0 181z"
                  />
                </svg>
              </div>
            </div>
          </div>
          <div
            className="react-switch-handle"
            onClick={[Function]}
            onMouseDown={[Function]}
            onTouchCancel={[Function]}
            onTouchEnd={[Function]}
            onTouchMove={[Function]}
            onTouchStart={[Function]}
            style={
              Object {
                "MozTransition": "background-color 0.25s, transform 0.25s, box-shadow 0.15s",
                "WebkitTransition": "background-color 0.25s, transform 0.25s, box-shadow 0.15s",
                "background": "#ffffff",
                "border": 0,
                "borderRadius": "50%",
                "boxShadow": null,
                "cursor": "pointer",
                "display": "inline-block",
                "height": 20,
                "outline": 0,
                "position": "absolute",
                "top": 2,
                "transform": "translateX(2px)",
                "transition": "background-color 0.25s, transform 0.25s, box-shadow 0.15s",
                "width": 20,
              }
            }
          />
          <input
            aria-checked={false}
            aria-label="switch between day and night themes"
            checked={false}
            disabled={false}
            onBlur={[Function]}
            onChange={[Function]}
            onFocus={[Function]}
            onKeyUp={[Function]}
            role="switch"
            style={
              Object {
                "border": 0,
                "clip": "rect(0 0 0 0)",
                "height": 1,
                "margin": -1,
                "overflow": "hidden",
                "padding": 0,
                "position": "absolute",
                "width": 1,
              }
            }
            type="checkbox"
          />
        </div>
        <div
          className="inline-block relative text-left"
        >
          <span
            className="rounded-md shadow-sm"
          >
            <button
              aria-expanded={false}
              aria-haspopup={true}
              className="inline-flex justify-center py-1 px-3 w-full text-sm font-medium leading-5 text-gray-700 hover:text-gray-500 dark:text-gray-100 bg-white dark:bg-gray-700 rounded-md border border-gray-300 dark:border-gray-500 dark:hover:border-gray-400 transition duration-150 ease-in-out focus:outline-none"
              id="headlessui-menu-button-1"
              onClick={[Function]}
              onKeyDown={[Function]}
              onKeyUp={[Function]}
              type="button"
            >
              <span>
                カテゴリー
              </span>
              <svg
                className="-mr-1 ml-2 w-5 h-5"
                fill="currentColor"
                viewBox="0 0 20 20"
              >
                <path
                  clipRule="evenodd"
                  d="M5.293 7.293a1 1 0 011.414 0L10 10.586l3.293-3.293a1 1 0 111.414 1.414l-4 4a1 1 0 01-1.414 0l-4-4a1 1 0 010-1.414z"
                  fillRule="evenodd"
                />
              </svg>
            </button>
          </span>
        </div>
      </div>
    </div>
    <div
      className="block sm:hidden mt-2"
    >
      <div
        className="relative"
      >
        <div
          className="flex items-center py-2 px-3 space-x-2 bg-gray-100 dark:bg-gray-700 rounded-full"
        >
          <svg
            fill="currentColor"
            height="1em"
            stroke="currentColor"
            strokeWidth="0"
            style={
              Object {
                "color": "gray",
              }
            }
            viewBox="0 0 512 512"
            width="1em"
            xmlns="http://www.w3.org/2000/svg"
          >
            <path
              d="M505 442.7L405.3 343c-4.5-4.5-10.6-7-17-7H372c27.6-35.3 44-79.7 44-128C416 93.1 322.9 0 208 0S0 93.1 0 208s93.1 208 208 208c48.3 0 92.7-16.4 128-44v16.3c0 6.4 2.5 12.5 7 17l99.7 99.7c9.4 9.4 24.6 9.4 33.9 0l28.3-28.3c9.4-9.4 9.4-24.6.1-34zM208 336c-70.7 0-128-57.2-128-128 0-70.7 57.2-128 128-128 70.7 0 128 57.2 128 128 0 70.7-57.2 128-128 128z"
            />
          </svg>
          <input
            className="w-full dark:text-gray-100 bg-gray-100 dark:bg-gray-700 focus:outline-none"
            inputMode="text"
            onChange={[Function]}
            onFocus={[Function]}
            onKeyPress={[Function]}
            onSubmit={[Function]}
            placeholder="Search..."
            type="search"
            value=""
          />
        </div>
      </div>
    </div>
  </header>
  <div
    className="flex flex-col gap-12 justify-center items-center mt-8"
    role="alert"
  >
    <svg
      className="w-32 h-32 text-gray-500"
      fill="currentColor"
      height="1em"
      stroke="currentColor"
      strokeWidth="0"
      style={
        Object {
          "color": undefined,
        }
      }
      viewBox="0 0 496 512"
      width="1em"
      xmlns="http://www.w3.org/2000/svg"
    >
      <path
        d="M248 8C111 8 0 119 0 256s111 248 248 248 248-111 248-248S385 8 248 8zm0 448c-110.3 0-200-89.7-200-200S137.7 56 248 56s200 89.7 200 200-89.7 200-200 200zm129.1-303.8c-3.8-4.4-10.3-5.4-15.3-2.5l-80 48c-3.6 2.2-5.8 6.1-5.8 10.3s2.2 8.1 5.8 10.3l80 48c5.4 3.2 11.8 1.6 15.3-2.5 3.8-4.5 3.9-11 .1-15.5L343.6 208l33.6-40.3c3.8-4.5 3.7-11.1-.1-15.5zM220 208c0-4.2-2.2-8.1-5.8-10.3l-80-48c-5-3-11.5-1.9-15.3 2.5-3.8 4.5-3.9 11-.1 15.5l33.6 40.3-33.6 40.3c-3.8 4.5-3.7 11 .1 15.5 3.5 4.1 9.9 5.7 15.3 2.5l80-48c3.6-2.2 5.8-6.1 5.8-10.3zm28 64c-45.4 0-100.9 38.3-107.8 93.3-1.5 11.8 6.9 21.6 15.5 17.9C178.4 373.5 212 368 248 368s69.6 5.5 92.3 15.2c8.5 3.7 17-6 15.5-17.9-6.9-55-62.4-93.3-107.8-93.3z"
      />
    </svg>
    <div
      className="flex flex-col gap-8 mx-auto text-center"
    >
      <h1
        className="flex justify-center text-4xl font-bold"
      >
        Unhandled Error
      </h1>
      <p>
        サイト上で問題が発生しました。
      </p>
    </div>
    <button
      className="flex flex-row gap-2 justify-center items-center py-2 px-4 text-white bg-green-700 hover:bg-opacity-90 rounded-xl border-2 border-green-600"
      onClick={[Function]}
    >
      <svg
        fill="currentColor"
        height="1em"
        stroke="currentColor"
        strokeWidth="0"
        style={
          Object {
            "color": undefined,
          }
        }
        viewBox="0 0 320 512"
        width="1em"
        xmlns="http://www.w3.org/2000/svg"
      >
        <path
          d="M34.52 239.03L228.87 44.69c9.37-9.37 24.57-9.37 33.94 0l22.67 22.67c9.36 9.36 9.37 24.52.04 33.9L131.49 256l154.02 154.75c9.34 9.38 9.32 24.54-.04 33.9l-22.67 22.67c-9.37 9.37-24.57 9.37-33.94 0L34.52 272.97c-9.37-9.37-9.37-24.57 0-33.94z"
        />
      </svg>
      <span>
        Homeに戻る
      </span>
    </button>
  </div>
</div>
`;
