// Jest Snapshot v1, https://goo.gl/fbAQLP

exports[`components/atoms/NextLink snapshot 1`] = `
<a
  href="/"
  onClick={[Function]}
  onMouseEnter={[Function]}
>
  Home
</a>
`;
