// Jest Snapshot v1, https://goo.gl/fbAQLP

exports[`components/atoms/SiteTitle snapshot 1`] = `
<a
  className="text-2xl font-bold text-green-600"
  href="/"
  onClick={[Function]}
  onMouseEnter={[Function]}
>
  Food Blog
</a>
`;
