// Jest Snapshot v1, https://goo.gl/fbAQLP

exports[`components/atoms/meta/HtmlHeadNoIndex snapshot 1`] = `
<meta
  content="noindex"
  name="robots"
/>
`;
