// Jest Snapshot v1, https://goo.gl/fbAQLP

exports[`components/atoms/error/HttpErrorBoundary snapshot 1`] = `"children"`;
