// Jest Snapshot v1, https://goo.gl/fbAQLP

exports[`components/organisms/Header snapshot 1`] = `
<header
  className="py-2"
>
  <div
    className="flex justify-between items-center"
  >
    <a
      className="text-2xl font-bold text-green-600"
      href="/"
      onClick={[Function]}
      onMouseEnter={[Function]}
    >
      Food Blog
    </a>
    <div
      className="hidden sm:block w-1/3"
    >
      <div
        className="relative"
      >
        <div
          className="flex items-center py-2 px-3 space-x-2 bg-gray-100 dark:bg-gray-700 rounded-full"
        >
          <svg
            fill="currentColor"
            height="1em"
            stroke="currentColor"
            strokeWidth="0"
            style={
              Object {
                "color": "gray",
              }
            }
            viewBox="0 0 512 512"
            width="1em"
            xmlns="http://www.w3.org/2000/svg"
          >
            <path
              d="M505 442.7L405.3 343c-4.5-4.5-10.6-7-17-7H372c27.6-35.3 44-79.7 44-128C416 93.1 322.9 0 208 0S0 93.1 0 208s93.1 208 208 208c48.3 0 92.7-16.4 128-44v16.3c0 6.4 2.5 12.5 7 17l99.7 99.7c9.4 9.4 24.6 9.4 33.9 0l28.3-28.3c9.4-9.4 9.4-24.6.1-34zM208 336c-70.7 0-128-57.2-128-128 0-70.7 57.2-128 128-128 70.7 0 128 57.2 128 128 0 70.7-57.2 128-128 128z"
            />
          </svg>
          <input
            className="w-full dark:text-gray-100 bg-gray-100 dark:bg-gray-700 focus:outline-none"
            inputMode="text"
            onChange={[Function]}
            onFocus={[Function]}
            onKeyPress={[Function]}
            onSubmit={[Function]}
            placeholder="Search..."
            type="search"
            value=""
          />
        </div>
      </div>
    </div>
    <div
      className="flex items-center space-x-4"
    >
      <div
        style={
          Object {
            "MozTransition": "opacity 0.25s",
            "MozUserSelect": "none",
            "WebkitTapHighlightColor": "rgba(0, 0, 0, 0)",
            "WebkitTransition": "opacity 0.25s",
            "WebkitUserSelect": "none",
            "borderRadius": 12,
            "direction": "ltr",
            "display": "inline-block",
            "msUserSelect": "none",
            "opacity": 1,
            "position": "relative",
            "textAlign": "left",
            "touchAction": "none",
            "transition": "opacity 0.25s",
            "userSelect": "none",
          }
        }
      >
        <div
          className="react-switch-bg"
          onClick={[Function]}
          onMouseDown={[Function]}
          style={
            Object {
              "MozTransition": "background 0.25s",
              "WebkitTransition": "background 0.25s",
              "background": "#555555",
              "borderRadius": 12,
              "cursor": "pointer",
              "height": 24,
              "margin": 0,
              "position": "relative",
              "transition": "background 0.25s",
              "width": 48,
            }
          }
        >
          <div
            style={
              Object {
                "MozTransition": "opacity 0.25s",
                "WebkitTransition": "opacity 0.25s",
                "height": 24,
                "opacity": 0,
                "pointerEvents": "none",
                "position": "relative",
                "transition": "opacity 0.25s",
                "width": 27,
              }
            }
          >
            <div
              className="flex justify-center items-center h-full"
            >
              <svg
                fill="currentColor"
                height="80%"
                stroke="currentColor"
                strokeWidth="0"
                style={
                  Object {
                    "color": "yellow",
                  }
                }
                viewBox="0 0 512 512"
                width="80%"
                xmlns="http://www.w3.org/2000/svg"
              >
                <path
                  d="M283.211 512c78.962 0 151.079-35.925 198.857-94.792 7.068-8.708-.639-21.43-11.562-19.35-124.203 23.654-238.262-71.576-238.262-196.954 0-72.222 38.662-138.635 101.498-174.394 9.686-5.512 7.25-20.197-3.756-22.23A258.156 258.156 0 0 0 283.211 0c-141.309 0-256 114.511-256 256 0 141.309 114.511 256 256 256z"
                />
              </svg>
            </div>
          </div>
          <div
            style={
              Object {
                "MozTransition": "opacity 0.25s",
                "WebkitTransition": "opacity 0.25s",
                "height": 24,
                "opacity": 1,
                "pointerEvents": "none",
                "position": "absolute",
                "right": 0,
                "top": 0,
                "transition": "opacity 0.25s",
                "width": 27,
              }
            }
          >
            <div
              className="flex justify-center items-center h-full"
            >
              <svg
                fill="currentColor"
                height="80%"
                stroke="currentColor"
                strokeWidth="0"
                style={
                  Object {
                    "color": "gold",
                  }
                }
                viewBox="0 0 512 512"
                width="80%"
                xmlns="http://www.w3.org/2000/svg"
              >
                <path
                  d="M256 160c-52.9 0-96 43.1-96 96s43.1 96 96 96 96-43.1 96-96-43.1-96-96-96zm246.4 80.5l-94.7-47.3 33.5-100.4c4.5-13.6-8.4-26.5-21.9-21.9l-100.4 33.5-47.4-94.8c-6.4-12.8-24.6-12.8-31 0l-47.3 94.7L92.7 70.8c-13.6-4.5-26.5 8.4-21.9 21.9l33.5 100.4-94.7 47.4c-12.8 6.4-12.8 24.6 0 31l94.7 47.3-33.5 100.5c-4.5 13.6 8.4 26.5 21.9 21.9l100.4-33.5 47.3 94.7c6.4 12.8 24.6 12.8 31 0l47.3-94.7 100.4 33.5c13.6 4.5 26.5-8.4 21.9-21.9l-33.5-100.4 94.7-47.3c13-6.5 13-24.7.2-31.1zm-155.9 106c-49.9 49.9-131.1 49.9-181 0-49.9-49.9-49.9-131.1 0-181 49.9-49.9 131.1-49.9 181 0 49.9 49.9 49.9 131.1 0 181z"
                />
              </svg>
            </div>
          </div>
        </div>
        <div
          className="react-switch-handle"
          onClick={[Function]}
          onMouseDown={[Function]}
          onTouchCancel={[Function]}
          onTouchEnd={[Function]}
          onTouchMove={[Function]}
          onTouchStart={[Function]}
          style={
            Object {
              "MozTransition": "background-color 0.25s, transform 0.25s, box-shadow 0.15s",
              "WebkitTransition": "background-color 0.25s, transform 0.25s, box-shadow 0.15s",
              "background": "#ffffff",
              "border": 0,
              "borderRadius": "50%",
              "boxShadow": null,
              "cursor": "pointer",
              "display": "inline-block",
              "height": 20,
              "outline": 0,
              "position": "absolute",
              "top": 2,
              "transform": "translateX(2px)",
              "transition": "background-color 0.25s, transform 0.25s, box-shadow 0.15s",
              "width": 20,
            }
          }
        />
        <input
          aria-checked={false}
          aria-label="switch between day and night themes"
          checked={false}
          disabled={false}
          onBlur={[Function]}
          onChange={[Function]}
          onFocus={[Function]}
          onKeyUp={[Function]}
          role="switch"
          style={
            Object {
              "border": 0,
              "clip": "rect(0 0 0 0)",
              "height": 1,
              "margin": -1,
              "overflow": "hidden",
              "padding": 0,
              "position": "absolute",
              "width": 1,
            }
          }
          type="checkbox"
        />
      </div>
      <div
        className="inline-block relative text-left"
      >
        <span
          className="rounded-md shadow-sm"
        >
          <button
            aria-expanded={false}
            aria-haspopup={true}
            className="inline-flex justify-center py-1 px-3 w-full text-sm font-medium leading-5 text-gray-700 hover:text-gray-500 dark:text-gray-100 bg-white dark:bg-gray-700 rounded-md border border-gray-300 dark:border-gray-500 dark:hover:border-gray-400 transition duration-150 ease-in-out focus:outline-none"
            id="headlessui-menu-button-1"
            onClick={[Function]}
            onKeyDown={[Function]}
            onKeyUp={[Function]}
            type="button"
          >
            <span>
              カテゴリー
            </span>
            <svg
              className="-mr-1 ml-2 w-5 h-5"
              fill="currentColor"
              viewBox="0 0 20 20"
            >
              <path
                clipRule="evenodd"
                d="M5.293 7.293a1 1 0 011.414 0L10 10.586l3.293-3.293a1 1 0 111.414 1.414l-4 4a1 1 0 01-1.414 0l-4-4a1 1 0 010-1.414z"
                fillRule="evenodd"
              />
            </svg>
          </button>
        </span>
      </div>
    </div>
  </div>
  <div
    className="block sm:hidden mt-2"
  >
    <div
      className="relative"
    >
      <div
        className="flex items-center py-2 px-3 space-x-2 bg-gray-100 dark:bg-gray-700 rounded-full"
      >
        <svg
          fill="currentColor"
          height="1em"
          stroke="currentColor"
          strokeWidth="0"
          style={
            Object {
              "color": "gray",
            }
          }
          viewBox="0 0 512 512"
          width="1em"
          xmlns="http://www.w3.org/2000/svg"
        >
          <path
            d="M505 442.7L405.3 343c-4.5-4.5-10.6-7-17-7H372c27.6-35.3 44-79.7 44-128C416 93.1 322.9 0 208 0S0 93.1 0 208s93.1 208 208 208c48.3 0 92.7-16.4 128-44v16.3c0 6.4 2.5 12.5 7 17l99.7 99.7c9.4 9.4 24.6 9.4 33.9 0l28.3-28.3c9.4-9.4 9.4-24.6.1-34zM208 336c-70.7 0-128-57.2-128-128 0-70.7 57.2-128 128-128 70.7 0 128 57.2 128 128 0 70.7-57.2 128-128 128z"
          />
        </svg>
        <input
          className="w-full dark:text-gray-100 bg-gray-100 dark:bg-gray-700 focus:outline-none"
          inputMode="text"
          onChange={[Function]}
          onFocus={[Function]}
          onKeyPress={[Function]}
          onSubmit={[Function]}
          placeholder="Search..."
          type="search"
          value=""
        />
      </div>
    </div>
  </div>
</header>
`;
