// Jest Snapshot v1, https://goo.gl/fbAQLP

exports[`components/organisms/PickupArticles 記事がある snapshot 1`] = `
<section
  className="container p-2 dark:text-white bg-gray-50 dark:bg-gray-700"
>
  <h2
    className="px-2 pb-2 mb-2 border-b-2"
  >
    PICKUP
  </h2>
  <div
    className="grid sm:grid-cols-2 md:grid-cols-2 lg:grid-cols-1 gap-2 sm:gap-x-1 md:gap-x-1 lg:gap-x-1 sm:gap-y-3 md:gap-y-3 lg:gap-y-3 pb-2"
  >
    <article
      className="flex flex-row max-h-36 "
    >
      <a
        href="/articles/1"
        onClick={[Function]}
        onMouseEnter={[Function]}
      >
        <div
          className="flex-shrink-0 mt-1 mr-4 min-w-[max-content]"
        >
          <span
            style={
              Object {
                "background": "none",
                "border": 0,
                "boxSizing": "border-box",
                "display": "inline-block",
                "height": "initial",
                "margin": 0,
                "maxWidth": "100%",
                "opacity": 1,
                "overflow": "hidden",
                "padding": 0,
                "position": "relative",
                "width": "initial",
              }
            }
          >
            <span
              style={
                Object {
                  "background": "none",
                  "border": 0,
                  "boxSizing": "border-box",
                  "display": "block",
                  "height": "initial",
                  "margin": 0,
                  "maxWidth": "100%",
                  "opacity": 1,
                  "padding": 0,
                  "width": "initial",
                }
              }
            >
              <img
                alt=""
                aria-hidden={true}
                src="data:image/svg+xml;base64,PHN2ZyB3aWR0aD0iNDgiIGhlaWdodD0iNDgiIHhtbG5zPSJodHRwOi8vd3d3LnczLm9yZy8yMDAwL3N2ZyIgdmVyc2lvbj0iMS4xIi8+"
                style={
                  Object {
                    "background": "none",
                    "border": 0,
                    "display": "block",
                    "height": "initial",
                    "margin": 0,
                    "maxWidth": "100%",
                    "opacity": 1,
                    "padding": 0,
                    "width": "initial",
                  }
                }
              />
            </span>
            <img
              alt="基本の一番だしの作り方"
              data-nimg="intrinsic"
              decoding="async"
              src="data:image/gif;base64,R0lGODlhAQABAIAAAAAAAP///yH5BAEAAAAALAAAAAABAAEAAAIBRAA7"
              style={
                Object {
                  "border": "none",
                  "bottom": 0,
                  "boxSizing": "border-box",
                  "display": "block",
                  "height": 0,
                  "left": 0,
                  "margin": "auto",
                  "maxHeight": "100%",
                  "maxWidth": "100%",
                  "minHeight": "100%",
                  "minWidth": "100%",
                  "objectFit": "cover",
                  "objectPosition": undefined,
                  "padding": 0,
                  "position": "absolute",
                  "right": 0,
                  "top": 0,
                  "width": 0,
                }
              }
            />
            <noscript>
              <img
                alt="基本の一番だしの作り方"
                data-nimg="intrinsic"
                decoding="async"
                loading="lazy"
                src="/_next/image?url=%2Fimages%2F5026416_s.jpg&w=96&q=75"
                srcSet="/_next/image?url=%2Fimages%2F5026416_s.jpg&w=48&q=75 1x, /_next/image?url=%2Fimages%2F5026416_s.jpg&w=96&q=75 2x"
                style={
                  Object {
                    "border": "none",
                    "bottom": 0,
                    "boxSizing": "border-box",
                    "display": "block",
                    "height": 0,
                    "left": 0,
                    "margin": "auto",
                    "maxHeight": "100%",
                    "maxWidth": "100%",
                    "minHeight": "100%",
                    "minWidth": "100%",
                    "objectFit": "cover",
                    "objectPosition": undefined,
                    "padding": 0,
                    "position": "absolute",
                    "right": 0,
                    "top": 0,
                    "width": 0,
                  }
                }
              />
            </noscript>
          </span>
        </div>
      </a>
      <div
        className="flex flex-col flex-grow"
      >
        <a
          href="/articles/1"
          onClick={[Function]}
          onMouseEnter={[Function]}
        >
          基本の一番だしの作り方
        </a>
        <div
          className="flex-grow"
        >
          <div
            className="flex flex-wrap gap-x-2 gap-y-1"
          >
            <span
              className="inline-block text-sm leading-tight text-gray-600 dark:text-gray-300"
            >
              #仕込み
            </span>
            <span
              className="inline-block text-sm leading-tight text-gray-600 dark:text-gray-300"
            >
              #味噌汁
            </span>
            <span
              className="inline-block text-sm leading-tight text-gray-600 dark:text-gray-300"
            >
              #うどん
            </span>
          </div>
        </div>
      </div>
    </article>
    <article
      className="flex flex-row max-h-36 "
    >
      <a
        href="/articles/2"
        onClick={[Function]}
        onMouseEnter={[Function]}
      >
        <div
          className="flex-shrink-0 mt-1 mr-4 min-w-[max-content]"
        >
          <span
            style={
              Object {
                "background": "none",
                "border": 0,
                "boxSizing": "border-box",
                "display": "inline-block",
                "height": "initial",
                "margin": 0,
                "maxWidth": "100%",
                "opacity": 1,
                "overflow": "hidden",
                "padding": 0,
                "position": "relative",
                "width": "initial",
              }
            }
          >
            <span
              style={
                Object {
                  "background": "none",
                  "border": 0,
                  "boxSizing": "border-box",
                  "display": "block",
                  "height": "initial",
                  "margin": 0,
                  "maxWidth": "100%",
                  "opacity": 1,
                  "padding": 0,
                  "width": "initial",
                }
              }
            >
              <img
                alt=""
                aria-hidden={true}
                src="data:image/svg+xml;base64,PHN2ZyB3aWR0aD0iNDgiIGhlaWdodD0iNDgiIHhtbG5zPSJodHRwOi8vd3d3LnczLm9yZy8yMDAwL3N2ZyIgdmVyc2lvbj0iMS4xIi8+"
                style={
                  Object {
                    "background": "none",
                    "border": 0,
                    "display": "block",
                    "height": "initial",
                    "margin": 0,
                    "maxWidth": "100%",
                    "opacity": 1,
                    "padding": 0,
                    "width": "initial",
                  }
                }
              />
            </span>
            <img
              alt="新玉ねぎとトマトのシンプルサラダの作り方"
              data-nimg="intrinsic"
              decoding="async"
              src="data:image/gif;base64,R0lGODlhAQABAIAAAAAAAP///yH5BAEAAAAALAAAAAABAAEAAAIBRAA7"
              style={
                Object {
                  "border": "none",
                  "bottom": 0,
                  "boxSizing": "border-box",
                  "display": "block",
                  "height": 0,
                  "left": 0,
                  "margin": "auto",
                  "maxHeight": "100%",
                  "maxWidth": "100%",
                  "minHeight": "100%",
                  "minWidth": "100%",
                  "objectFit": "cover",
                  "objectPosition": undefined,
                  "padding": 0,
                  "position": "absolute",
                  "right": 0,
                  "top": 0,
                  "width": 0,
                }
              }
            />
            <noscript>
              <img
                alt="新玉ねぎとトマトのシンプルサラダの作り方"
                data-nimg="intrinsic"
                decoding="async"
                loading="lazy"
                src="/_next/image?url=%2Fimages%2F2996666_s.jpg&w=96&q=75"
                srcSet="/_next/image?url=%2Fimages%2F2996666_s.jpg&w=48&q=75 1x, /_next/image?url=%2Fimages%2F2996666_s.jpg&w=96&q=75 2x"
                style={
                  Object {
                    "border": "none",
                    "bottom": 0,
                    "boxSizing": "border-box",
                    "display": "block",
                    "height": 0,
                    "left": 0,
                    "margin": "auto",
                    "maxHeight": "100%",
                    "maxWidth": "100%",
                    "minHeight": "100%",
                    "minWidth": "100%",
                    "objectFit": "cover",
                    "objectPosition": undefined,
                    "padding": 0,
                    "position": "absolute",
                    "right": 0,
                    "top": 0,
                    "width": 0,
                  }
                }
              />
            </noscript>
          </span>
        </div>
      </a>
      <div
        className="flex flex-col flex-grow"
      >
        <a
          href="/articles/2"
          onClick={[Function]}
          onMouseEnter={[Function]}
        >
          新玉ねぎとトマトのシンプルサラダの作り方
        </a>
        <div
          className="flex-grow"
        >
          <div
            className="flex flex-wrap gap-x-2 gap-y-1"
          >
            <span
              className="inline-block text-sm leading-tight text-gray-600 dark:text-gray-300"
            >
              #トマト
            </span>
            <span
              className="inline-block text-sm leading-tight text-gray-600 dark:text-gray-300"
            >
              #玉ねぎ
            </span>
            <span
              className="inline-block text-sm leading-tight text-gray-600 dark:text-gray-300"
            >
              #大葉
            </span>
          </div>
        </div>
      </div>
    </article>
    <article
      className="flex flex-row max-h-36 "
    >
      <a
        href="/articles/3"
        onClick={[Function]}
        onMouseEnter={[Function]}
      >
        <div
          className="flex-shrink-0 mt-1 mr-4 min-w-[max-content]"
        >
          <span
            style={
              Object {
                "background": "none",
                "border": 0,
                "boxSizing": "border-box",
                "display": "inline-block",
                "height": "initial",
                "margin": 0,
                "maxWidth": "100%",
                "opacity": 1,
                "overflow": "hidden",
                "padding": 0,
                "position": "relative",
                "width": "initial",
              }
            }
          >
            <span
              style={
                Object {
                  "background": "none",
                  "border": 0,
                  "boxSizing": "border-box",
                  "display": "block",
                  "height": "initial",
                  "margin": 0,
                  "maxWidth": "100%",
                  "opacity": 1,
                  "padding": 0,
                  "width": "initial",
                }
              }
            >
              <img
                alt=""
                aria-hidden={true}
                src="data:image/svg+xml;base64,PHN2ZyB3aWR0aD0iNDgiIGhlaWdodD0iNDgiIHhtbG5zPSJodHRwOi8vd3d3LnczLm9yZy8yMDAwL3N2ZyIgdmVyc2lvbj0iMS4xIi8+"
                style={
                  Object {
                    "background": "none",
                    "border": 0,
                    "display": "block",
                    "height": "initial",
                    "margin": 0,
                    "maxWidth": "100%",
                    "opacity": 1,
                    "padding": 0,
                    "width": "initial",
                  }
                }
              />
            </span>
            <img
              alt="栄養たっぷり小松菜と油揚げのおひたしの作り方"
              data-nimg="intrinsic"
              decoding="async"
              src="data:image/gif;base64,R0lGODlhAQABAIAAAAAAAP///yH5BAEAAAAALAAAAAABAAEAAAIBRAA7"
              style={
                Object {
                  "border": "none",
                  "bottom": 0,
                  "boxSizing": "border-box",
                  "display": "block",
                  "height": 0,
                  "left": 0,
                  "margin": "auto",
                  "maxHeight": "100%",
                  "maxWidth": "100%",
                  "minHeight": "100%",
                  "minWidth": "100%",
                  "objectFit": "cover",
                  "objectPosition": undefined,
                  "padding": 0,
                  "position": "absolute",
                  "right": 0,
                  "top": 0,
                  "width": 0,
                }
              }
            />
            <noscript>
              <img
                alt="栄養たっぷり小松菜と油揚げのおひたしの作り方"
                data-nimg="intrinsic"
                decoding="async"
                loading="lazy"
                src="/_next/image?url=%2Fimages%2F4966941_s.jpg&w=96&q=75"
                srcSet="/_next/image?url=%2Fimages%2F4966941_s.jpg&w=48&q=75 1x, /_next/image?url=%2Fimages%2F4966941_s.jpg&w=96&q=75 2x"
                style={
                  Object {
                    "border": "none",
                    "bottom": 0,
                    "boxSizing": "border-box",
                    "display": "block",
                    "height": 0,
                    "left": 0,
                    "margin": "auto",
                    "maxHeight": "100%",
                    "maxWidth": "100%",
                    "minHeight": "100%",
                    "minWidth": "100%",
                    "objectFit": "cover",
                    "objectPosition": undefined,
                    "padding": 0,
                    "position": "absolute",
                    "right": 0,
                    "top": 0,
                    "width": 0,
                  }
                }
              />
            </noscript>
          </span>
        </div>
      </a>
      <div
        className="flex flex-col flex-grow"
      >
        <a
          href="/articles/3"
          onClick={[Function]}
          onMouseEnter={[Function]}
        >
          栄養たっぷり小松菜と油揚げのおひたしの作り方
        </a>
        <div
          className="flex-grow"
        >
          <div
            className="flex flex-wrap gap-x-2 gap-y-1"
          >
            <span
              className="inline-block text-sm leading-tight text-gray-600 dark:text-gray-300"
            >
              #油揚げ
            </span>
            <span
              className="inline-block text-sm leading-tight text-gray-600 dark:text-gray-300"
            >
              #小松菜
            </span>
          </div>
        </div>
      </div>
    </article>
    <article
      className="flex flex-row max-h-36 "
    >
      <a
        href="/articles/4"
        onClick={[Function]}
        onMouseEnter={[Function]}
      >
        <div
          className="flex-shrink-0 mt-1 mr-4 min-w-[max-content]"
        >
          <span
            style={
              Object {
                "background": "none",
                "border": 0,
                "boxSizing": "border-box",
                "display": "inline-block",
                "height": "initial",
                "margin": 0,
                "maxWidth": "100%",
                "opacity": 1,
                "overflow": "hidden",
                "padding": 0,
                "position": "relative",
                "width": "initial",
              }
            }
          >
            <span
              style={
                Object {
                  "background": "none",
                  "border": 0,
                  "boxSizing": "border-box",
                  "display": "block",
                  "height": "initial",
                  "margin": 0,
                  "maxWidth": "100%",
                  "opacity": 1,
                  "padding": 0,
                  "width": "initial",
                }
              }
            >
              <img
                alt=""
                aria-hidden={true}
                src="data:image/svg+xml;base64,PHN2ZyB3aWR0aD0iNDgiIGhlaWdodD0iNDgiIHhtbG5zPSJodHRwOi8vd3d3LnczLm9yZy8yMDAwL3N2ZyIgdmVyc2lvbj0iMS4xIi8+"
                style={
                  Object {
                    "background": "none",
                    "border": 0,
                    "display": "block",
                    "height": "initial",
                    "margin": 0,
                    "maxWidth": "100%",
                    "opacity": 1,
                    "padding": 0,
                    "width": "initial",
                  }
                }
              />
            </span>
            <img
              alt="熊本県産玉ねぎを使った絶品タコライスの作り方"
              data-nimg="intrinsic"
              decoding="async"
              src="data:image/gif;base64,R0lGODlhAQABAIAAAAAAAP///yH5BAEAAAAALAAAAAABAAEAAAIBRAA7"
              style={
                Object {
                  "border": "none",
                  "bottom": 0,
                  "boxSizing": "border-box",
                  "display": "block",
                  "height": 0,
                  "left": 0,
                  "margin": "auto",
                  "maxHeight": "100%",
                  "maxWidth": "100%",
                  "minHeight": "100%",
                  "minWidth": "100%",
                  "objectFit": "cover",
                  "objectPosition": undefined,
                  "padding": 0,
                  "position": "absolute",
                  "right": 0,
                  "top": 0,
                  "width": 0,
                }
              }
            />
            <noscript>
              <img
                alt="熊本県産玉ねぎを使った絶品タコライスの作り方"
                data-nimg="intrinsic"
                decoding="async"
                loading="lazy"
                src="/_next/image?url=%2Fimages%2F3129120_s.jpg&w=96&q=75"
                srcSet="/_next/image?url=%2Fimages%2F3129120_s.jpg&w=48&q=75 1x, /_next/image?url=%2Fimages%2F3129120_s.jpg&w=96&q=75 2x"
                style={
                  Object {
                    "border": "none",
                    "bottom": 0,
                    "boxSizing": "border-box",
                    "display": "block",
                    "height": 0,
                    "left": 0,
                    "margin": "auto",
                    "maxHeight": "100%",
                    "maxWidth": "100%",
                    "minHeight": "100%",
                    "minWidth": "100%",
                    "objectFit": "cover",
                    "objectPosition": undefined,
                    "padding": 0,
                    "position": "absolute",
                    "right": 0,
                    "top": 0,
                    "width": 0,
                  }
                }
              />
            </noscript>
          </span>
        </div>
      </a>
      <div
        className="flex flex-col flex-grow"
      >
        <a
          href="/articles/4"
          onClick={[Function]}
          onMouseEnter={[Function]}
        >
          熊本県産玉ねぎを使った絶品タコライスの作り方
        </a>
        <div
          className="flex-grow"
        >
          <div
            className="flex flex-wrap gap-x-2 gap-y-1"
          >
            <span
              className="inline-block text-sm leading-tight text-gray-600 dark:text-gray-300"
            >
              #ごはん
            </span>
            <span
              className="inline-block text-sm leading-tight text-gray-600 dark:text-gray-300"
            >
              #挽き肉
            </span>
            <span
              className="inline-block text-sm leading-tight text-gray-600 dark:text-gray-300"
            >
              #レタス
            </span>
            <span
              className="inline-block text-sm leading-tight text-gray-600 dark:text-gray-300"
            >
              #玉ねぎ
            </span>
            <span
              className="inline-block text-sm leading-tight text-gray-600 dark:text-gray-300"
            >
              #トマト
            </span>
          </div>
        </div>
      </div>
    </article>
  </div>
</section>
`;

exports[`components/organisms/PickupArticles 記事がない snapshot 1`] = `
<section
  className="container p-2 dark:text-white bg-gray-50 dark:bg-gray-700"
>
  <h2
    className="px-2 pb-2 mb-2 border-b-2"
  >
    PICKUP
  </h2>
  <p
    className="text-center"
  >
    おすすめ記事は見つかりませんでした
  </p>
</section>
`;
