// Jest Snapshot v1, https://goo.gl/fbAQLP

exports[`components/atoms/buttons/LoadMoreButton snapshot 1`] = `
<button
  className="flex flex-row gap-2 justify-center items-center py-2 px-4 text-white bg-green-700 hover:bg-opacity-90 rounded-xl border-2 border-green-600"
  onClick={[MockFunction]}
>
  <svg
    fill="currentColor"
    height="1em"
    stroke="currentColor"
    strokeWidth="0"
    style={
      Object {
        "color": undefined,
      }
    }
    viewBox="0 0 448 512"
    width="1em"
    xmlns="http://www.w3.org/2000/svg"
  >
    <path
      d="M207.029 381.476L12.686 187.132c-9.373-9.373-9.373-24.569 0-33.941l22.667-22.667c9.357-9.357 24.522-9.375 33.901-.04L224 284.505l154.745-154.021c9.379-9.335 24.544-9.317 33.901.04l22.667 22.667c9.373 9.373 9.373 24.569 0 33.941L240.971 381.476c-9.373 9.372-24.569 9.372-33.942 0z"
    />
  </svg>
  <span>
    もっと読み込む
  </span>
</button>
`;
