// Jest Snapshot v1, https://goo.gl/fbAQLP

exports[`components/atoms/error/LayoutErrorBoundary snapshot 1`] = `"children"`;
