// Jest Snapshot v1, https://goo.gl/fbAQLP

exports[`components/atoms/containers/MainContainer snapshot 1`] = `
<main
  className="overflow-hidden flex-1 order-1 md:order-2 pb-12 mt-8 md:mt-16 mb-0 w-full max-w-prose"
>
  children
</main>
`;
